2025-12-25 00:00:39.066 WARN  [HikariPool-1 housekeeper] com.zaxxer.hikari.pool.HikariPool - HikariPool-1 - Thread starvation or clock leap detected (housekeeper delta=6m15s715ms).
2025-12-25 00:02:09.760 WARN  [HikariPool-1 housekeeper] com.zaxxer.hikari.pool.HikariPool - HikariPool-1 - Thread starvation or clock leap detected (housekeeper delta=1m682ms).
2025-12-25 00:18:04.734 WARN  [HikariPool-1 housekeeper] com.zaxxer.hikari.pool.HikariPool - HikariPool-1 - Thread starvation or clock leap detected (housekeeper delta=15m54s974ms).
2025-12-25 00:18:59.602 WARN  [HikariPool-1 housekeeper] com.zaxxer.hikari.pool.HikariPool - HikariPool-1 - Thread starvation or clock leap detected (housekeeper delta=54s868ms).
2025-12-25 00:34:55.312 WARN  [HikariPool-1 housekeeper] com.zaxxer.hikari.pool.HikariPool - HikariPool-1 - Thread starvation or clock leap detected (housekeeper delta=15m55s710ms).
2025-12-25 00:39:11.426 WARN  [HikariPool-1 housekeeper] com.zaxxer.hikari.pool.HikariPool - HikariPool-1 - Thread starvation or clock leap detected (housekeeper delta=3m46s104ms).
2025-12-25 00:55:07.137 WARN  [HikariPool-1 housekeeper] com.zaxxer.hikari.pool.HikariPool - HikariPool-1 - Thread starvation or clock leap detected (housekeeper delta=15m55s711ms).
2025-12-25 01:11:32.922 WARN  [HikariPool-1 housekeeper] com.zaxxer.hikari.pool.HikariPool - HikariPool-1 - Thread starvation or clock leap detected (housekeeper delta=15m55s780ms).
2025-12-25 01:27:28.707 WARN  [HikariPool-1 housekeeper] com.zaxxer.hikari.pool.HikariPool - HikariPool-1 - Thread starvation or clock leap detected (housekeeper delta=15m55s785ms).
2025-12-25 01:28:23.592 WARN  [HikariPool-1 housekeeper] com.zaxxer.hikari.pool.HikariPool - HikariPool-1 - Thread starvation or clock leap detected (housekeeper delta=54s885ms).
2025-12-25 01:44:49.241 WARN  [HikariPool-1 housekeeper] com.zaxxer.hikari.pool.HikariPool - HikariPool-1 - Thread starvation or clock leap detected (housekeeper delta=15m55s643ms).
2025-12-25 02:00:44.904 WARN  [HikariPool-1 housekeeper] com.zaxxer.hikari.pool.HikariPool - HikariPool-1 - Thread starvation or clock leap detected (housekeeper delta=15m55s662ms).
2025-12-25 02:17:10.677 WARN  [HikariPool-1 housekeeper] com.zaxxer.hikari.pool.HikariPool - HikariPool-1 - Thread starvation or clock leap detected (housekeeper delta=15m55s766ms).
2025-12-25 02:33:05.651 WARN  [HikariPool-1 housekeeper] com.zaxxer.hikari.pool.HikariPool - HikariPool-1 - Thread starvation or clock leap detected (housekeeper delta=15m54s974ms).
2025-12-25 03:14:23.866 WARN  [HikariPool-1 housekeeper] com.zaxxer.hikari.pool.HikariPool - HikariPool-1 - Thread starvation or clock leap detected (housekeeper delta=40m48s212ms).
2025-12-25 03:30:20.827 WARN  [HikariPool-1 housekeeper] com.zaxxer.hikari.pool.HikariPool - HikariPool-1 - Thread starvation or clock leap detected (housekeeper delta=15m56s961ms).
2025-12-25 03:34:57.643 WARN  [HikariPool-1 housekeeper] com.zaxxer.hikari.pool.HikariPool - HikariPool-1 - Thread starvation or clock leap detected (housekeeper delta=4m36s816ms).
2025-12-25 03:50:53.491 WARN  [HikariPool-1 housekeeper] com.zaxxer.hikari.pool.HikariPool - HikariPool-1 - Thread starvation or clock leap detected (housekeeper delta=15m55s848ms).
2025-12-25 03:54:27.799 WARN  [HikariPool-1 housekeeper] com.zaxxer.hikari.pool.HikariPool - HikariPool-1 - Thread starvation or clock leap detected (housekeeper delta=3m4s298ms).
2025-12-25 04:10:53.639 WARN  [HikariPool-1 housekeeper] com.zaxxer.hikari.pool.HikariPool - HikariPool-1 - Thread starvation or clock leap detected (housekeeper delta=15m55s829ms).
2025-12-25 04:17:40.371 WARN  [HikariPool-1 housekeeper] com.zaxxer.hikari.pool.HikariPool - HikariPool-1 - Thread starvation or clock leap detected (housekeeper delta=6m46s733ms).
2025-12-25 04:33:36.176 WARN  [HikariPool-1 housekeeper] com.zaxxer.hikari.pool.HikariPool - HikariPool-1 - Thread starvation or clock leap detected (housekeeper delta=15m55s805ms).
2025-12-25 04:49:31.839 WARN  [HikariPool-1 housekeeper] com.zaxxer.hikari.pool.HikariPool - HikariPool-1 - Thread starvation or clock leap detected (housekeeper delta=15m55s663ms).
2025-12-25 05:05:26.769 WARN  [HikariPool-1 housekeeper] com.zaxxer.hikari.pool.HikariPool - HikariPool-1 - Thread starvation or clock leap detected (housekeeper delta=15m54s930ms).
2025-12-25 05:21:52.534 WARN  [HikariPool-1 housekeeper] com.zaxxer.hikari.pool.HikariPool - HikariPool-1 - Thread starvation or clock leap detected (housekeeper delta=15m55s761ms).
2025-12-25 05:37:47.513 WARN  [HikariPool-1 housekeeper] com.zaxxer.hikari.pool.HikariPool - HikariPool-1 - Thread starvation or clock leap detected (housekeeper delta=15m54s979ms).
2025-12-25 05:54:13.299 WARN  [HikariPool-1 housekeeper] com.zaxxer.hikari.pool.HikariPool - HikariPool-1 - Thread starvation or clock leap detected (housekeeper delta=15m55s774ms).
2025-12-25 06:10:39.041 WARN  [HikariPool-1 housekeeper] com.zaxxer.hikari.pool.HikariPool - HikariPool-1 - Thread starvation or clock leap detected (housekeeper delta=15m55s737ms).
2025-12-25 06:15:06.675 WARN  [HikariPool-1 housekeeper] com.zaxxer.hikari.pool.HikariPool - HikariPool-1 - Thread starvation or clock leap detected (housekeeper delta=4m27s634ms).
2025-12-25 06:17:55.184 WARN  [HikariPool-1 housekeeper] com.zaxxer.hikari.pool.HikariPool - HikariPool-1 - Thread starvation or clock leap detected (housekeeper delta=2m18s500ms).
2025-12-25 06:33:50.880 WARN  [HikariPool-1 housekeeper] com.zaxxer.hikari.pool.HikariPool - HikariPool-1 - Thread starvation or clock leap detected (housekeeper delta=15m55s696ms).
2025-12-25 06:50:29.844 WARN  [HikariPool-1 housekeeper] com.zaxxer.hikari.pool.HikariPool - HikariPool-1 - Thread starvation or clock leap detected (housekeeper delta=16m8s962ms).
2025-12-25 07:00:26.647 WARN  [HikariPool-1 housekeeper] com.zaxxer.hikari.pool.HikariPool - HikariPool-1 - Thread starvation or clock leap detected (housekeeper delta=9m26s792ms).
2025-12-25 07:01:57.625 WARN  [HikariPool-1 housekeeper] com.zaxxer.hikari.pool.HikariPool - HikariPool-1 - Thread starvation or clock leap detected (housekeeper delta=1m30s978ms).
2025-12-25 07:18:23.315 WARN  [HikariPool-1 housekeeper] com.zaxxer.hikari.pool.HikariPool - HikariPool-1 - Thread starvation or clock leap detected (housekeeper delta=15m55s681ms).
2025-12-25 07:34:13.536 WARN  [HikariPool-1 housekeeper] com.zaxxer.hikari.pool.HikariPool - HikariPool-1 - Thread starvation or clock leap detected (housekeeper delta=15m50s221ms).
2025-12-25 07:35:08.388 WARN  [HikariPool-1 housekeeper] com.zaxxer.hikari.pool.HikariPool - HikariPool-1 - Thread starvation or clock leap detected (housekeeper delta=54s851ms).
2025-12-25 07:51:04.147 WARN  [HikariPool-1 housekeeper] com.zaxxer.hikari.pool.HikariPool - HikariPool-1 - Thread starvation or clock leap detected (housekeeper delta=15m55s760ms).
2025-12-25 08:07:29.922 WARN  [HikariPool-1 housekeeper] com.zaxxer.hikari.pool.HikariPool - HikariPool-1 - Thread starvation or clock leap detected (housekeeper delta=15m55s774ms).
2025-12-25 08:22:22.903 WARN  [HikariPool-1 housekeeper] com.zaxxer.hikari.pool.HikariPool - HikariPool-1 - Thread starvation or clock leap detected (housekeeper delta=13m52s964ms).
2025-12-25 08:26:05.829 WARN  [HikariPool-1 housekeeper] com.zaxxer.hikari.pool.HikariPool - HikariPool-1 - Thread starvation or clock leap detected (housekeeper delta=3m42s926ms).
2025-12-25 10:17:50.272 WARN  [HikariPool-1 housekeeper] com.zaxxer.hikari.pool.HikariPool - HikariPool-1 - Thread starvation or clock leap detected (housekeeper delta=2m13s542ms).
2025-12-25 10:28:20.338 WARN  [HikariPool-1 housekeeper] com.zaxxer.hikari.pool.HikariPool - HikariPool-1 - Thread starvation or clock leap detected (housekeeper delta=10m55ms).
2025-12-25 10:29:44.651 INFO  [http-nio-8080-exec-5] com.example.parkinglot.common.aspect.WebLogAspect - ======================================================================================
2025-12-25 10:29:44.651 INFO  [http-nio-8080-exec-5] com.example.parkinglot.common.aspect.WebLogAspect - URL      : http://localhost:8080/api/ticket/exit/ABC-001
2025-12-25 10:29:44.651 INFO  [http-nio-8080-exec-5] com.example.parkinglot.common.aspect.WebLogAspect - Method   : POST
2025-12-25 10:29:44.651 INFO  [http-nio-8080-exec-5] com.example.parkinglot.common.aspect.WebLogAspect - IP       : 0:0:0:0:0:0:0:1
2025-12-25 10:29:44.651 INFO  [http-nio-8080-exec-5] com.example.parkinglot.common.aspect.WebLogAspect - Class    : com.example.parkinglot.controller.TicketController.closeTicket
2025-12-25 10:29:44.651 INFO  [http-nio-8080-exec-5] com.example.parkinglot.common.aspect.WebLogAspect - Args     : [ABC-001]
2025-12-25 10:29:44.652 INFO  [http-nio-8080-exec-5] c.e.parkinglot.service.impl.TicketServiceImpl - >> 准备处理车辆出场: ABC-001，开始检验: 
2025-12-25 10:29:44.659 INFO  [http-nio-8080-exec-5] com.example.parkinglot.common.aspect.WebLogAspect - ======================================================================================
2025-12-25 10:29:44.659 WARN  [http-nio-8080-exec-5] c.e.p.common.exception.GlobalExceptionHandler - 业务异常: 出场失败: 车辆 ABC-001 不在停车场中!
2025-12-25 10:29:54.661 INFO  [SpringApplicationShutdownHook] o.s.boot.web.embedded.tomcat.GracefulShutdown - Commencing graceful shutdown. Waiting for active requests to complete
2025-12-25 10:29:54.665 INFO  [tomcat-shutdown] o.s.boot.web.embedded.tomcat.GracefulShutdown - Graceful shutdown complete
2025-12-25 10:29:54.667 INFO  [SpringApplicationShutdownHook] o.s.orm.jpa.LocalContainerEntityManagerFactoryBean - Closing JPA EntityManagerFactory for persistence unit 'default'
2025-12-25 10:29:54.669 INFO  [SpringApplicationShutdownHook] com.zaxxer.hikari.HikariDataSource - HikariPool-1 - Shutdown initiated...
2025-12-25 10:29:54.670 INFO  [SpringApplicationShutdownHook] com.zaxxer.hikari.HikariDataSource - HikariPool-1 - Shutdown completed.
2025-12-25 10:29:56.488 INFO  [background-preinit] org.hibernate.validator.internal.util.Version - HV000001: Hibernate Validator 8.0.3.Final
2025-12-25 10:29:56.508 INFO  [main] com.example.parkinglot.ParkinglotApplication - Starting ParkinglotApplication using Java 21.0.9 with PID 81642 (/Users/haoyu/IdeaProjects/parkinglot/target/classes started by haoyu in /Users/haoyu/IdeaProjects/parkinglot)
2025-12-25 10:29:56.508 INFO  [main] com.example.parkinglot.ParkinglotApplication - No active profile set, falling back to 1 default profile: "default"
2025-12-25 10:29:56.748 INFO  [main] o.s.d.r.config.RepositoryConfigurationDelegate - Bootstrapping Spring Data JPA repositories in DEFAULT mode.
2025-12-25 10:29:56.773 INFO  [main] o.s.d.r.config.RepositoryConfigurationDelegate - Finished Spring Data repository scanning in 20 ms. Found 3 JPA repository interfaces.
2025-12-25 10:29:57.000 INFO  [main] o.s.boot.web.embedded.tomcat.TomcatWebServer - Tomcat initialized with port 8080 (http)
2025-12-25 10:29:57.006 INFO  [main] org.apache.coyote.http11.Http11NioProtocol - Initializing ProtocolHandler ["http-nio-8080"]
2025-12-25 10:29:57.007 INFO  [main] org.apache.catalina.core.StandardService - Starting service [Tomcat]
2025-12-25 10:29:57.007 INFO  [main] org.apache.catalina.core.StandardEngine - Starting Servlet engine: [Apache Tomcat/10.1.49]
2025-12-25 10:29:57.025 INFO  [main] o.a.c.core.ContainerBase.[Tomcat].[localhost].[/] - Initializing Spring embedded WebApplicationContext
2025-12-25 10:29:57.026 INFO  [main] o.s.b.w.s.c.ServletWebServerApplicationContext - Root WebApplicationContext: initialization completed in 503 ms
2025-12-25 10:29:57.098 INFO  [main] org.hibernate.jpa.internal.util.LogHelper - HHH000204: Processing PersistenceUnitInfo [name: default]
2025-12-25 10:29:57.114 INFO  [main] org.hibernate.Version - HHH000412: Hibernate ORM core version 6.6.36.Final
2025-12-25 10:29:57.124 INFO  [main] o.hibernate.cache.internal.RegionFactoryInitiator - HHH000026: Second-level cache disabled
2025-12-25 10:29:57.207 INFO  [main] o.s.o.j.persistenceunit.SpringPersistenceUnitInfo - No LoadTimeWeaver setup: ignoring JPA class transformer
2025-12-25 10:29:57.218 INFO  [main] com.zaxxer.hikari.HikariDataSource - HikariPool-1 - Starting...
2025-12-25 10:29:57.259 INFO  [main] com.zaxxer.hikari.pool.HikariPool - HikariPool-1 - Added connection org.postgresql.jdbc.PgConnection@343db2f6
2025-12-25 10:29:57.260 INFO  [main] com.zaxxer.hikari.HikariDataSource - HikariPool-1 - Start completed.
2025-12-25 10:29:57.276 WARN  [main] org.hibernate.orm.deprecation - HHH90000025: PostgreSQLDialect does not need to be specified explicitly using 'hibernate.dialect' (remove the property setting and it will be selected by default)
2025-12-25 10:29:57.284 INFO  [main] org.hibernate.orm.connections.pooling - HHH10001005: Database info:
	Database JDBC URL [Connecting through datasource 'HikariDataSource (HikariPool-1)']
	Database driver: undefined/unknown
	Database version: 15.15
	Autocommit mode: undefined/unknown
	Isolation level: undefined/unknown
	Minimum pool size: undefined/unknown
	Maximum pool size: undefined/unknown
2025-12-25 10:29:57.570 INFO  [main] o.h.e.t.jta.platform.internal.JtaPlatformInitiator - HHH000489: No JTA platform available (set 'hibernate.transaction.jta.platform' to enable JTA platform integration)
2025-12-25 10:29:57.628 INFO  [main] o.s.orm.jpa.LocalContainerEntityManagerFactoryBean - Initialized JPA EntityManagerFactory for persistence unit 'default'
2025-12-25 10:29:57.860 WARN  [main] o.s.b.a.o.j.JpaBaseConfiguration$JpaWebConfiguration - spring.jpa.open-in-view is enabled by default. Therefore, database queries may be performed during view rendering. Explicitly configure spring.jpa.open-in-view to disable this warning
2025-12-25 10:29:58.018 INFO  [main] org.apache.coyote.http11.Http11NioProtocol - Starting ProtocolHandler ["http-nio-8080"]
2025-12-25 10:29:58.027 INFO  [main] o.s.boot.web.embedded.tomcat.TomcatWebServer - Tomcat started on port 8080 (http) with context path '/'
2025-12-25 10:29:58.031 INFO  [main] com.example.parkinglot.ParkinglotApplication - Started ParkinglotApplication in 1.739 seconds (process running for 1.873)
2025-12-25 10:30:12.729 INFO  [http-nio-8080-exec-2] o.a.c.core.ContainerBase.[Tomcat].[localhost].[/] - Initializing Spring DispatcherServlet 'dispatcherServlet'
2025-12-25 10:30:12.729 INFO  [http-nio-8080-exec-2] org.springframework.web.servlet.DispatcherServlet - Initializing Servlet 'dispatcherServlet'
2025-12-25 10:30:12.730 INFO  [http-nio-8080-exec-2] org.springframework.web.servlet.DispatcherServlet - Completed initialization in 1 ms
2025-12-25 10:30:12.755 INFO  [http-nio-8080-exec-2] com.example.parkinglot.common.aspect.WebLogAspect - ======================================================================================
2025-12-25 10:30:12.755 INFO  [http-nio-8080-exec-2] com.example.parkinglot.common.aspect.WebLogAspect - URL      : http://localhost:8080/api/ticket/exit/ABC-001
2025-12-25 10:30:12.755 INFO  [http-nio-8080-exec-2] com.example.parkinglot.common.aspect.WebLogAspect - Method   : POST
2025-12-25 10:30:12.755 INFO  [http-nio-8080-exec-2] com.example.parkinglot.common.aspect.WebLogAspect - IP       : 0:0:0:0:0:0:0:1
2025-12-25 10:30:12.756 INFO  [http-nio-8080-exec-2] com.example.parkinglot.common.aspect.WebLogAspect - Class    : com.example.parkinglot.controller.TicketController.closeTicket
2025-12-25 10:30:12.756 INFO  [http-nio-8080-exec-2] com.example.parkinglot.common.aspect.WebLogAspect - Args     : [ABC-001]
2025-12-25 10:30:12.760 INFO  [http-nio-8080-exec-2] c.e.parkinglot.service.impl.TicketServiceImpl - >> 准备处理车辆出场: ABC-001，开始检验: 
2025-12-25 10:30:12.823 ERROR [http-nio-8080-exec-2] com.example.parkinglot.common.aspect.WebLogAspect - Exception: BusinessException - 出场失败: 车辆 ABC-001 不在停车场中!
2025-12-25 10:30:12.824 INFO  [http-nio-8080-exec-2] com.example.parkinglot.common.aspect.WebLogAspect - ======================================================================================
2025-12-25 10:30:32.456 WARN  [http-nio-8080-exec-3] org.springframework.web.servlet.PageNotFound - No mapping for POST /api/ticket/exits/ABC-001
2025-12-25 10:30:32.458 ERROR [http-nio-8080-exec-3] c.e.p.common.exception.GlobalExceptionHandler - 接口不存在 - 请求方法：POST，请求路径：/api/ticket/exits/ABC-001
org.springframework.web.servlet.NoHandlerFoundException: No endpoint POST /api/ticket/exits/ABC-001.
	at org.springframework.web.servlet.DispatcherServlet.noHandlerFound(DispatcherServlet.java:1305)
	at org.springframework.web.servlet.DispatcherServlet.doDispatch(DispatcherServlet.java:1067)
	at org.springframework.web.servlet.DispatcherServlet.doService(DispatcherServlet.java:979)
	at org.springframework.web.servlet.FrameworkServlet.processRequest(FrameworkServlet.java:1014)
	at org.springframework.web.servlet.FrameworkServlet.doPost(FrameworkServlet.java:914)
	at jakarta.servlet.http.HttpServlet.service(HttpServlet.java:590)
	at org.springframework.web.servlet.FrameworkServlet.service(FrameworkServlet.java:885)
	at jakarta.servlet.http.HttpServlet.service(HttpServlet.java:658)
	at org.apache.catalina.core.ApplicationFilterChain.internalDoFilter(ApplicationFilterChain.java:193)
	at org.apache.catalina.core.ApplicationFilterChain.doFilter(ApplicationFilterChain.java:138)
	at org.apache.tomcat.websocket.server.WsFilter.doFilter(WsFilter.java:51)
	at org.apache.catalina.core.ApplicationFilterChain.internalDoFilter(ApplicationFilterChain.java:162)
	at org.apache.catalina.core.ApplicationFilterChain.doFilter(ApplicationFilterChain.java:138)
	at org.springframework.web.filter.RequestContextFilter.doFilterInternal(RequestContextFilter.java:100)
	at org.springframework.web.filter.OncePerRequestFilter.doFilter(OncePerRequestFilter.java:116)
	at org.apache.catalina.core.ApplicationFilterChain.internalDoFilter(ApplicationFilterChain.java:162)
	at org.apache.catalina.core.ApplicationFilterChain.doFilter(ApplicationFilterChain.java:138)
	at org.springframework.web.filter.FormContentFilter.doFilterInternal(FormContentFilter.java:93)
	at org.springframework.web.filter.OncePerRequestFilter.doFilter(OncePerRequestFilter.java:116)
	at org.apache.catalina.core.ApplicationFilterChain.internalDoFilter(ApplicationFilterChain.java:162)
	at org.apache.catalina.core.ApplicationFilterChain.doFilter(ApplicationFilterChain.java:138)
	at org.springframework.web.filter.CharacterEncodingFilter.doFilterInternal(CharacterEncodingFilter.java:201)
	at org.springframework.web.filter.OncePerRequestFilter.doFilter(OncePerRequestFilter.java:116)
	at org.apache.catalina.core.ApplicationFilterChain.internalDoFilter(ApplicationFilterChain.java:162)
	at org.apache.catalina.core.ApplicationFilterChain.doFilter(ApplicationFilterChain.java:138)
	at org.apache.catalina.core.StandardWrapperValve.invoke(StandardWrapperValve.java:165)
	at org.apache.catalina.core.StandardContextValve.invoke(StandardContextValve.java:88)
	at org.apache.catalina.authenticator.AuthenticatorBase.invoke(AuthenticatorBase.java:482)
	at org.apache.catalina.core.StandardHostValve.invoke(StandardHostValve.java:113)
	at org.apache.catalina.valves.ErrorReportValve.invoke(ErrorReportValve.java:83)
	at org.apache.catalina.core.StandardEngineValve.invoke(StandardEngineValve.java:72)
	at org.apache.catalina.connector.CoyoteAdapter.service(CoyoteAdapter.java:342)
	at org.apache.coyote.http11.Http11Processor.service(Http11Processor.java:399)
	at org.apache.coyote.AbstractProcessorLight.process(AbstractProcessorLight.java:63)
	at org.apache.coyote.AbstractProtocol$ConnectionHandler.process(AbstractProtocol.java:903)
	at org.apache.tomcat.util.net.NioEndpoint$SocketProcessor.doRun(NioEndpoint.java:1774)
	at org.apache.tomcat.util.net.SocketProcessorBase.run(SocketProcessorBase.java:52)
	at org.apache.tomcat.util.threads.ThreadPoolExecutor.runWorker(ThreadPoolExecutor.java:973)
	at org.apache.tomcat.util.threads.ThreadPoolExecutor$Worker.run(ThreadPoolExecutor.java:491)
	at org.apache.tomcat.util.threads.TaskThread$WrappingRunnable.run(TaskThread.java:63)
	at java.base/java.lang.Thread.run(Thread.java:1583)
2025-12-25 14:48:42.610 WARN  [HikariPool-1 housekeeper] com.zaxxer.hikari.pool.HikariPool - HikariPool-1 - Thread starvation or clock leap detected (housekeeper delta=15m12s914ms).
2025-12-25 15:47:37.907 WARN  [HikariPool-1 housekeeper] com.zaxxer.hikari.pool.HikariPool - HikariPool-1 - Thread starvation or clock leap detected (housekeeper delta=3m54s895ms).
2025-12-25 15:50:14.992 INFO  [http-nio-8080-exec-7] com.example.parkinglot.common.aspect.WebLogAspect - ======================================================================================
2025-12-25 15:50:14.992 INFO  [http-nio-8080-exec-7] com.example.parkinglot.common.aspect.WebLogAspect - URL      : http://localhost:8080/api/ticket/entry/ABC-007
2025-12-25 15:50:14.992 INFO  [http-nio-8080-exec-7] com.example.parkinglot.common.aspect.WebLogAspect - Method   : POST
2025-12-25 15:50:14.992 INFO  [http-nio-8080-exec-7] com.example.parkinglot.common.aspect.WebLogAspect - IP       : 0:0:0:0:0:0:0:1
2025-12-25 15:50:14.992 INFO  [http-nio-8080-exec-7] com.example.parkinglot.common.aspect.WebLogAspect - Class    : com.example.parkinglot.controller.TicketController.createEntryTicket
2025-12-25 15:50:14.992 INFO  [http-nio-8080-exec-7] com.example.parkinglot.common.aspect.WebLogAspect - Args     : [ABC-007]
2025-12-25 15:50:14.998 INFO  [http-nio-8080-exec-7] c.e.parkinglot.service.impl.TicketServiceImpl - >> 准备处理车辆进场: ABC-007，开始检验: 
2025-12-25 15:50:15.009 INFO  [http-nio-8080-exec-7] c.e.parkinglot.service.impl.TicketServiceImpl - >>查找到空闲车位: A005
2025-12-25 15:50:15.019 INFO  [http-nio-8080-exec-7] c.e.parkinglot.service.impl.ParkingServiceImpl - >>更新车位A005状态为: OCCUPIED
2025-12-25 15:50:15.035 INFO  [http-nio-8080-exec-7] c.e.parkinglot.service.impl.TicketServiceImpl - >>新建票据，保存到数据库, 票据id: 8
2025-12-25 15:50:15.042 INFO  [http-nio-8080-exec-7] com.example.parkinglot.common.aspect.WebLogAspect - Response : ApiResponse(code=200, message=操作成功, data=EntryDTO(vehiclePlate=ABC-007, slotNumber=A005, entryTime=2025-12-25T15:50:15.021865, ticketStatus=ACTIVE))
2025-12-25 15:50:15.043 INFO  [http-nio-8080-exec-7] com.example.parkinglot.common.aspect.WebLogAspect - ======================================================================================
2025-12-25 15:51:23.498 INFO  [http-nio-8080-exec-10] com.example.parkinglot.common.aspect.WebLogAspect - ======================================================================================
2025-12-25 15:51:23.498 INFO  [http-nio-8080-exec-10] com.example.parkinglot.common.aspect.WebLogAspect - URL      : http://localhost:8080/api/ticket/exit/ABC-007
2025-12-25 15:51:23.498 INFO  [http-nio-8080-exec-10] com.example.parkinglot.common.aspect.WebLogAspect - Method   : POST
2025-12-25 15:51:23.498 INFO  [http-nio-8080-exec-10] com.example.parkinglot.common.aspect.WebLogAspect - IP       : 0:0:0:0:0:0:0:1
2025-12-25 15:51:23.498 INFO  [http-nio-8080-exec-10] com.example.parkinglot.common.aspect.WebLogAspect - Class    : com.example.parkinglot.controller.TicketController.closeTicket
2025-12-25 15:51:23.498 INFO  [http-nio-8080-exec-10] com.example.parkinglot.common.aspect.WebLogAspect - Args     : [ABC-007]
2025-12-25 15:51:23.499 INFO  [http-nio-8080-exec-10] c.e.parkinglot.service.impl.TicketServiceImpl - >> 准备处理车辆出场: ABC-007，开始检验: 
2025-12-25 15:51:23.508 INFO  [http-nio-8080-exec-10] c.e.parkinglot.service.impl.TicketServiceImpl - >>查询到对应票据id: 8
2025-12-25 15:51:23.512 INFO  [http-nio-8080-exec-10] c.e.parkinglot.service.impl.ParkingServiceImpl - >>更新车位A005状态为: FREE
2025-12-25 15:51:23.514 INFO  [http-nio-8080-exec-10] c.e.parkinglot.service.impl.TicketServiceImpl - >>更新票据数据，填写金额，保存到数据库, 票据id: 8
2025-12-25 15:51:23.543 INFO  [http-nio-8080-exec-10] com.example.parkinglot.common.aspect.WebLogAspect - Response : ApiResponse(code=200, message=操作成功, data=ExitDTO(vehiclePlate=ABC-007, slotNumber=A005, entryTime=2025-12-25T15:50:15.021865, exitTime=2025-12-25T15:51:23.513352, ticketStatus=PAID, totalAmount=16.00))
2025-12-25 15:51:23.544 INFO  [http-nio-8080-exec-10] com.example.parkinglot.common.aspect.WebLogAspect - ======================================================================================
2025-12-25 16:08:27.304 WARN  [HikariPool-1 housekeeper] com.zaxxer.hikari.pool.HikariPool - HikariPool-1 - Thread starvation or clock leap detected (housekeeper delta=4m49s284ms).
2025-12-25 16:12:39.266 WARN  [HikariPool-1 housekeeper] com.zaxxer.hikari.pool.HikariPool - HikariPool-1 - Thread starvation or clock leap detected (housekeeper delta=3m41s953ms).
2025-12-25 16:16:01.228 WARN  [HikariPool-1 housekeeper] com.zaxxer.hikari.pool.HikariPool - HikariPool-1 - Thread starvation or clock leap detected (housekeeper delta=3m21s962ms).
2025-12-25 16:17:43.725 WARN  [HikariPool-1 housekeeper] com.zaxxer.hikari.pool.HikariPool - HikariPool-1 - Thread starvation or clock leap detected (housekeeper delta=1m12s487ms).
2025-12-25 16:21:16.701 WARN  [HikariPool-1 housekeeper] com.zaxxer.hikari.pool.HikariPool - HikariPool-1 - Thread starvation or clock leap detected (housekeeper delta=3m2s974ms).
2025-12-25 16:27:21.516 WARN  [HikariPool-1 housekeeper] com.zaxxer.hikari.pool.HikariPool - HikariPool-1 - Thread starvation or clock leap detected (housekeeper delta=3m4s785ms).
2025-12-25 16:34:19.140 WARN  [HikariPool-1 housekeeper] com.zaxxer.hikari.pool.HikariPool - HikariPool-1 - Thread starvation or clock leap detected (housekeeper delta=6m27s620ms).
2025-12-25 16:37:06.687 WARN  [HikariPool-1 housekeeper] com.zaxxer.hikari.pool.HikariPool - HikariPool-1 - Thread starvation or clock leap detected (housekeeper delta=1m47s540ms).
2025-12-25 16:37:58.831 WARN  [HikariPool-1 housekeeper] com.zaxxer.hikari.pool.HikariPool - HikariPool-1 - Thread starvation or clock leap detected (housekeeper delta=52s144ms).
2025-12-25 16:41:14.808 WARN  [HikariPool-1 housekeeper] com.zaxxer.hikari.pool.HikariPool - HikariPool-1 - Thread starvation or clock leap detected (housekeeper delta=2m45s967ms).
2025-12-25 16:46:01.133 WARN  [HikariPool-1 housekeeper] com.zaxxer.hikari.pool.HikariPool - HikariPool-1 - Thread starvation or clock leap detected (housekeeper delta=4m46s325ms).
2025-12-25 16:51:32.381 WARN  [HikariPool-1 housekeeper] com.zaxxer.hikari.pool.HikariPool - HikariPool-1 - Thread starvation or clock leap detected (housekeeper delta=5m1s237ms).
2025-12-25 16:53:25.812 WARN  [HikariPool-1 housekeeper] com.zaxxer.hikari.pool.HikariPool - HikariPool-1 - Thread starvation or clock leap detected (housekeeper delta=1m23s420ms).
2025-12-25 16:56:23.663 WARN  [HikariPool-1 housekeeper] com.zaxxer.hikari.pool.HikariPool - HikariPool-1 - Thread starvation or clock leap detected (housekeeper delta=2m57s851ms).
2025-12-25 16:57:41.252 WARN  [HikariPool-1 housekeeper] com.zaxxer.hikari.pool.HikariPool - HikariPool-1 - Thread starvation or clock leap detected (housekeeper delta=47s584ms).
2025-12-25 22:40:02.294 WARN  [HikariPool-1 housekeeper] com.zaxxer.hikari.pool.HikariPool - HikariPool-1 - Thread starvation or clock leap detected (housekeeper delta=32m47s846ms).
2025-12-25 22:43:34.280 WARN  [HikariPool-1 housekeeper] com.zaxxer.hikari.pool.HikariPool - HikariPool-1 - Thread starvation or clock leap detected (housekeeper delta=3m1s978ms).
2025-12-25 22:45:55.563 WARN  [HikariPool-1 housekeeper] com.zaxxer.hikari.pool.HikariPool - HikariPool-1 - Thread starvation or clock leap detected (housekeeper delta=2m21s283ms).
2025-12-25 23:00:22.421 WARN  [HikariPool-1 housekeeper] com.zaxxer.hikari.pool.HikariPool - HikariPool-1 - Thread starvation or clock leap detected (housekeeper delta=13m56s846ms).
2025-12-25 23:05:28.682 WARN  [HikariPool-1 housekeeper] com.zaxxer.hikari.pool.HikariPool - HikariPool-1 - Thread starvation or clock leap detected (housekeeper delta=5m6s261ms).
2025-12-25 23:21:59.168 WARN  [HikariPool-1 housekeeper] com.zaxxer.hikari.pool.HikariPool - HikariPool-1 - Thread starvation or clock leap detected (housekeeper delta=16m484ms).
2025-12-25 23:38:25.016 WARN  [HikariPool-1 housekeeper] com.zaxxer.hikari.pool.HikariPool - HikariPool-1 - Thread starvation or clock leap detected (housekeeper delta=15m55s838ms).
2025-12-25 23:44:15.003 WARN  [HikariPool-1 housekeeper] com.zaxxer.hikari.pool.HikariPool - HikariPool-1 - Thread starvation or clock leap detected (housekeeper delta=5m49s987ms).
