2026-01-04 01:08:25.084 WARN  [HikariPool-1 housekeeper] com.zaxxer.hikari.pool.HikariPool - HikariPool-1 - Thread starvation or clock leap detected (housekeeper delta=1h18m40s219ms).
2026-01-04 01:31:45.201 WARN  [HikariPool-1 housekeeper] com.zaxxer.hikari.pool.HikariPool - HikariPool-1 - Thread starvation or clock leap detected (housekeeper delta=23m20s117ms).
2026-01-04 02:04:31.232 WARN  [HikariPool-1 housekeeper] com.zaxxer.hikari.pool.HikariPool - HikariPool-1 - Thread starvation or clock leap detected (housekeeper delta=32m46s31ms).
2026-01-04 04:17:14.506 WARN  [HikariPool-1 housekeeper] com.zaxxer.hikari.pool.HikariPool - HikariPool-1 - Thread starvation or clock leap detected (housekeeper delta=2h12m43s274ms).
2026-01-04 04:30:45.653 WARN  [HikariPool-1 housekeeper] com.zaxxer.hikari.pool.HikariPool - HikariPool-1 - Thread starvation or clock leap detected (housekeeper delta=13m31s147ms).
2026-01-04 05:21:43.766 WARN  [HikariPool-1 housekeeper] com.zaxxer.hikari.pool.HikariPool - HikariPool-1 - Thread starvation or clock leap detected (housekeeper delta=50m58s113ms).
2026-01-04 07:16:23.082 WARN  [HikariPool-1 housekeeper] com.zaxxer.hikari.pool.HikariPool - HikariPool-1 - Thread starvation or clock leap detected (housekeeper delta=1h54m39s316ms).
2026-01-04 08:03:58.199 WARN  [HikariPool-1 housekeeper] com.zaxxer.hikari.pool.HikariPool - HikariPool-1 - Thread starvation or clock leap detected (housekeeper delta=47m35s117ms).
2026-01-04 08:20:35.337 WARN  [HikariPool-1 housekeeper] com.zaxxer.hikari.pool.HikariPool - HikariPool-1 - Thread starvation or clock leap detected (housekeeper delta=16m37s138ms).
2026-01-04 09:04:13.531 WARN  [HikariPool-1 housekeeper] com.zaxxer.hikari.pool.HikariPool - HikariPool-1 - Thread starvation or clock leap detected (housekeeper delta=31m38s100ms).
2026-01-04 09:08:46.582 WARN  [HikariPool-1 housekeeper] com.zaxxer.hikari.pool.HikariPool - HikariPool-1 - Thread starvation or clock leap detected (housekeeper delta=4m3s47ms).
2026-01-04 09:10:34.807 WARN  [HikariPool-1 housekeeper] com.zaxxer.hikari.pool.HikariPool - HikariPool-1 - Thread starvation or clock leap detected (housekeeper delta=45s234ms).
2026-01-04 09:44:46.213 WARN  [HikariPool-1 housekeeper] com.zaxxer.hikari.pool.HikariPool - HikariPool-1 - Thread starvation or clock leap detected (housekeeper delta=3m11s187ms).
2026-01-04 09:50:10.254 WARN  [HikariPool-1 housekeeper] com.zaxxer.hikari.pool.HikariPool - HikariPool-1 - Thread starvation or clock leap detected (housekeeper delta=5m24s41ms).
2026-01-04 10:00:06.407 WARN  [HikariPool-1 housekeeper] com.zaxxer.hikari.pool.HikariPool - HikariPool-1 - Thread starvation or clock leap detected (housekeeper delta=9m26s143ms).
2026-01-04 10:28:07.385 INFO  [SpringApplicationShutdownHook] o.s.boot.web.embedded.tomcat.GracefulShutdown - Commencing graceful shutdown. Waiting for active requests to complete
2026-01-04 10:28:07.389 INFO  [tomcat-shutdown] o.s.boot.web.embedded.tomcat.GracefulShutdown - Graceful shutdown complete
2026-01-04 10:28:07.391 INFO  [SpringApplicationShutdownHook] o.s.orm.jpa.LocalContainerEntityManagerFactoryBean - Closing JPA EntityManagerFactory for persistence unit 'default'
2026-01-04 10:28:07.393 INFO  [SpringApplicationShutdownHook] com.zaxxer.hikari.HikariDataSource - HikariPool-1 - Shutdown initiated...
2026-01-04 10:28:07.394 INFO  [SpringApplicationShutdownHook] com.zaxxer.hikari.HikariDataSource - HikariPool-1 - Shutdown completed.
2026-01-04 10:28:09.211 INFO  [background-preinit] org.hibernate.validator.internal.util.Version - HV000001: Hibernate Validator 8.0.3.Final
2026-01-04 10:28:09.234 INFO  [main] com.example.parkinglot.ParkinglotApplication - Starting ParkinglotApplication using Java 21.0.9 with PID 67315 (/Users/haoyu/IdeaProjects/parkinglot/target/classes started by haoyu in /Users/haoyu/IdeaProjects/parkinglot)
2026-01-04 10:28:09.234 INFO  [main] com.example.parkinglot.ParkinglotApplication - No active profile set, falling back to 1 default profile: "default"
2026-01-04 10:28:09.499 INFO  [main] o.s.d.r.config.RepositoryConfigurationDelegate - Bootstrapping Spring Data JPA repositories in DEFAULT mode.
2026-01-04 10:28:09.527 INFO  [main] o.s.d.r.config.RepositoryConfigurationDelegate - Finished Spring Data repository scanning in 23 ms. Found 3 JPA repository interfaces.
2026-01-04 10:28:09.766 INFO  [main] o.s.boot.web.embedded.tomcat.TomcatWebServer - Tomcat initialized with port 8080 (http)
2026-01-04 10:28:09.771 INFO  [main] org.apache.coyote.http11.Http11NioProtocol - Initializing ProtocolHandler ["http-nio-8080"]
2026-01-04 10:28:09.772 INFO  [main] org.apache.catalina.core.StandardService - Starting service [Tomcat]
2026-01-04 10:28:09.772 INFO  [main] org.apache.catalina.core.StandardEngine - Starting Servlet engine: [Apache Tomcat/10.1.49]
2026-01-04 10:28:09.792 INFO  [main] o.a.c.core.ContainerBase.[Tomcat].[localhost].[/] - Initializing Spring embedded WebApplicationContext
2026-01-04 10:28:09.792 INFO  [main] o.s.b.w.s.c.ServletWebServerApplicationContext - Root WebApplicationContext: initialization completed in 541 ms
2026-01-04 10:28:09.872 INFO  [main] org.hibernate.jpa.internal.util.LogHelper - HHH000204: Processing PersistenceUnitInfo [name: default]
2026-01-04 10:28:09.890 INFO  [main] org.hibernate.Version - HHH000412: Hibernate ORM core version 6.6.36.Final
2026-01-04 10:28:09.904 INFO  [main] o.hibernate.cache.internal.RegionFactoryInitiator - HHH000026: Second-level cache disabled
2026-01-04 10:28:10.009 INFO  [main] o.s.o.j.persistenceunit.SpringPersistenceUnitInfo - No LoadTimeWeaver setup: ignoring JPA class transformer
2026-01-04 10:28:10.021 INFO  [main] com.zaxxer.hikari.HikariDataSource - HikariPool-1 - Starting...
2026-01-04 10:28:10.143 INFO  [main] com.zaxxer.hikari.pool.HikariPool - HikariPool-1 - Added connection org.postgresql.jdbc.PgConnection@280484c7
2026-01-04 10:28:10.143 INFO  [main] com.zaxxer.hikari.HikariDataSource - HikariPool-1 - Start completed.
2026-01-04 10:28:10.164 WARN  [main] org.hibernate.orm.deprecation - HHH90000025: PostgreSQLDialect does not need to be specified explicitly using 'hibernate.dialect' (remove the property setting and it will be selected by default)
2026-01-04 10:28:10.171 INFO  [main] org.hibernate.orm.connections.pooling - HHH10001005: Database info:
	Database JDBC URL [Connecting through datasource 'HikariDataSource (HikariPool-1)']
	Database driver: undefined/unknown
	Database version: 15.15
	Autocommit mode: undefined/unknown
	Isolation level: undefined/unknown
	Minimum pool size: undefined/unknown
	Maximum pool size: undefined/unknown
2026-01-04 10:28:10.466 INFO  [main] o.h.e.t.jta.platform.internal.JtaPlatformInitiator - HHH000489: No JTA platform available (set 'hibernate.transaction.jta.platform' to enable JTA platform integration)
2026-01-04 10:28:10.530 INFO  [main] o.s.orm.jpa.LocalContainerEntityManagerFactoryBean - Initialized JPA EntityManagerFactory for persistence unit 'default'
2026-01-04 10:28:10.769 WARN  [main] o.s.b.a.o.j.JpaBaseConfiguration$JpaWebConfiguration - spring.jpa.open-in-view is enabled by default. Therefore, database queries may be performed during view rendering. Explicitly configure spring.jpa.open-in-view to disable this warning
2026-01-04 10:28:10.931 INFO  [main] org.apache.coyote.http11.Http11NioProtocol - Starting ProtocolHandler ["http-nio-8080"]
2026-01-04 10:28:10.940 INFO  [main] o.s.boot.web.embedded.tomcat.TomcatWebServer - Tomcat started on port 8080 (http) with context path '/'
2026-01-04 10:28:10.944 INFO  [main] com.example.parkinglot.ParkinglotApplication - Started ParkinglotApplication in 1.951 seconds (process running for 2.09)
2026-01-04 10:55:29.137 INFO  [SpringApplicationShutdownHook] o.s.boot.web.embedded.tomcat.GracefulShutdown - Commencing graceful shutdown. Waiting for active requests to complete
2026-01-04 10:55:29.141 INFO  [tomcat-shutdown] o.s.boot.web.embedded.tomcat.GracefulShutdown - Graceful shutdown complete
2026-01-04 10:55:29.145 INFO  [SpringApplicationShutdownHook] o.s.orm.jpa.LocalContainerEntityManagerFactoryBean - Closing JPA EntityManagerFactory for persistence unit 'default'
2026-01-04 10:55:29.146 INFO  [SpringApplicationShutdownHook] com.zaxxer.hikari.HikariDataSource - HikariPool-1 - Shutdown initiated...
2026-01-04 10:55:29.148 INFO  [SpringApplicationShutdownHook] com.zaxxer.hikari.HikariDataSource - HikariPool-1 - Shutdown completed.
2026-01-04 10:55:30.701 INFO  [background-preinit] org.hibernate.validator.internal.util.Version - HV000001: Hibernate Validator 8.0.3.Final
2026-01-04 10:55:30.722 INFO  [main] com.example.parkinglot.ParkinglotApplication - Starting ParkinglotApplication using Java 21.0.9 with PID 67863 (/Users/haoyu/IdeaProjects/parkinglot/target/classes started by haoyu in /Users/haoyu/IdeaProjects/parkinglot)
2026-01-04 10:55:30.722 INFO  [main] com.example.parkinglot.ParkinglotApplication - No active profile set, falling back to 1 default profile: "default"
2026-01-04 10:55:30.991 INFO  [main] o.s.d.r.config.RepositoryConfigurationDelegate - Bootstrapping Spring Data JPA repositories in DEFAULT mode.
2026-01-04 10:55:31.016 INFO  [main] o.s.d.r.config.RepositoryConfigurationDelegate - Finished Spring Data repository scanning in 21 ms. Found 3 JPA repository interfaces.
2026-01-04 10:55:31.258 INFO  [main] o.s.boot.web.embedded.tomcat.TomcatWebServer - Tomcat initialized with port 8080 (http)
2026-01-04 10:55:31.263 INFO  [main] org.apache.coyote.http11.Http11NioProtocol - Initializing ProtocolHandler ["http-nio-8080"]
2026-01-04 10:55:31.264 INFO  [main] org.apache.catalina.core.StandardService - Starting service [Tomcat]
2026-01-04 10:55:31.264 INFO  [main] org.apache.catalina.core.StandardEngine - Starting Servlet engine: [Apache Tomcat/10.1.49]
2026-01-04 10:55:31.283 INFO  [main] o.a.c.core.ContainerBase.[Tomcat].[localhost].[/] - Initializing Spring embedded WebApplicationContext
2026-01-04 10:55:31.284 INFO  [main] o.s.b.w.s.c.ServletWebServerApplicationContext - Root WebApplicationContext: initialization completed in 543 ms
2026-01-04 10:55:31.358 INFO  [main] org.hibernate.jpa.internal.util.LogHelper - HHH000204: Processing PersistenceUnitInfo [name: default]
2026-01-04 10:55:31.374 INFO  [main] org.hibernate.Version - HHH000412: Hibernate ORM core version 6.6.36.Final
2026-01-04 10:55:31.385 INFO  [main] o.hibernate.cache.internal.RegionFactoryInitiator - HHH000026: Second-level cache disabled
2026-01-04 10:55:31.473 INFO  [main] o.s.o.j.persistenceunit.SpringPersistenceUnitInfo - No LoadTimeWeaver setup: ignoring JPA class transformer
2026-01-04 10:55:31.484 INFO  [main] com.zaxxer.hikari.HikariDataSource - HikariPool-1 - Starting...
2026-01-04 10:55:31.525 INFO  [main] com.zaxxer.hikari.pool.HikariPool - HikariPool-1 - Added connection org.postgresql.jdbc.PgConnection@280484c7
2026-01-04 10:55:31.526 INFO  [main] com.zaxxer.hikari.HikariDataSource - HikariPool-1 - Start completed.
2026-01-04 10:55:31.541 WARN  [main] org.hibernate.orm.deprecation - HHH90000025: PostgreSQLDialect does not need to be specified explicitly using 'hibernate.dialect' (remove the property setting and it will be selected by default)
2026-01-04 10:55:31.548 INFO  [main] org.hibernate.orm.connections.pooling - HHH10001005: Database info:
	Database JDBC URL [Connecting through datasource 'HikariDataSource (HikariPool-1)']
	Database driver: undefined/unknown
	Database version: 15.15
	Autocommit mode: undefined/unknown
	Isolation level: undefined/unknown
	Minimum pool size: undefined/unknown
	Maximum pool size: undefined/unknown
2026-01-04 10:55:31.854 INFO  [main] o.h.e.t.jta.platform.internal.JtaPlatformInitiator - HHH000489: No JTA platform available (set 'hibernate.transaction.jta.platform' to enable JTA platform integration)
2026-01-04 10:55:31.910 INFO  [main] o.s.orm.jpa.LocalContainerEntityManagerFactoryBean - Initialized JPA EntityManagerFactory for persistence unit 'default'
2026-01-04 10:55:32.149 WARN  [main] o.s.b.a.o.j.JpaBaseConfiguration$JpaWebConfiguration - spring.jpa.open-in-view is enabled by default. Therefore, database queries may be performed during view rendering. Explicitly configure spring.jpa.open-in-view to disable this warning
2026-01-04 10:55:32.300 INFO  [main] org.apache.coyote.http11.Http11NioProtocol - Starting ProtocolHandler ["http-nio-8080"]
2026-01-04 10:55:32.309 INFO  [main] o.s.boot.web.embedded.tomcat.TomcatWebServer - Tomcat started on port 8080 (http) with context path '/'
2026-01-04 10:55:32.313 INFO  [main] com.example.parkinglot.ParkinglotApplication - Started ParkinglotApplication in 1.833 seconds (process running for 1.983)
2026-01-04 11:13:44.934 INFO  [SpringApplicationShutdownHook] o.s.boot.web.embedded.tomcat.GracefulShutdown - Commencing graceful shutdown. Waiting for active requests to complete
2026-01-04 11:13:44.939 INFO  [tomcat-shutdown] o.s.boot.web.embedded.tomcat.GracefulShutdown - Graceful shutdown complete
2026-01-04 11:13:44.941 INFO  [SpringApplicationShutdownHook] o.s.orm.jpa.LocalContainerEntityManagerFactoryBean - Closing JPA EntityManagerFactory for persistence unit 'default'
2026-01-04 11:13:44.943 INFO  [SpringApplicationShutdownHook] com.zaxxer.hikari.HikariDataSource - HikariPool-1 - Shutdown initiated...
2026-01-04 11:13:44.945 INFO  [SpringApplicationShutdownHook] com.zaxxer.hikari.HikariDataSource - HikariPool-1 - Shutdown completed.
2026-01-04 11:13:46.448 INFO  [background-preinit] org.hibernate.validator.internal.util.Version - HV000001: Hibernate Validator 8.0.3.Final
2026-01-04 11:13:46.467 INFO  [main] com.example.parkinglot.ParkinglotApplication - Starting ParkinglotApplication using Java 21.0.9 with PID 68154 (/Users/haoyu/IdeaProjects/parkinglot/target/classes started by haoyu in /Users/haoyu/IdeaProjects/parkinglot)
2026-01-04 11:13:46.467 INFO  [main] com.example.parkinglot.ParkinglotApplication - No active profile set, falling back to 1 default profile: "default"
2026-01-04 11:13:46.709 INFO  [main] o.s.d.r.config.RepositoryConfigurationDelegate - Bootstrapping Spring Data JPA repositories in DEFAULT mode.
2026-01-04 11:13:46.738 INFO  [main] o.s.d.r.config.RepositoryConfigurationDelegate - Finished Spring Data repository scanning in 24 ms. Found 3 JPA repository interfaces.
2026-01-04 11:13:46.983 INFO  [main] o.s.boot.web.embedded.tomcat.TomcatWebServer - Tomcat initialized with port 8080 (http)
2026-01-04 11:13:46.988 INFO  [main] org.apache.coyote.http11.Http11NioProtocol - Initializing ProtocolHandler ["http-nio-8080"]
2026-01-04 11:13:46.989 INFO  [main] org.apache.catalina.core.StandardService - Starting service [Tomcat]
2026-01-04 11:13:46.989 INFO  [main] org.apache.catalina.core.StandardEngine - Starting Servlet engine: [Apache Tomcat/10.1.49]
2026-01-04 11:13:47.009 INFO  [main] o.a.c.core.ContainerBase.[Tomcat].[localhost].[/] - Initializing Spring embedded WebApplicationContext
2026-01-04 11:13:47.010 INFO  [main] o.s.b.w.s.c.ServletWebServerApplicationContext - Root WebApplicationContext: initialization completed in 527 ms
2026-01-04 11:13:47.086 INFO  [main] org.hibernate.jpa.internal.util.LogHelper - HHH000204: Processing PersistenceUnitInfo [name: default]
2026-01-04 11:13:47.103 INFO  [main] org.hibernate.Version - HHH000412: Hibernate ORM core version 6.6.36.Final
2026-01-04 11:13:47.114 INFO  [main] o.hibernate.cache.internal.RegionFactoryInitiator - HHH000026: Second-level cache disabled
2026-01-04 11:13:47.206 INFO  [main] o.s.o.j.persistenceunit.SpringPersistenceUnitInfo - No LoadTimeWeaver setup: ignoring JPA class transformer
2026-01-04 11:13:47.216 INFO  [main] com.zaxxer.hikari.HikariDataSource - HikariPool-1 - Starting...
2026-01-04 11:13:47.258 INFO  [main] com.zaxxer.hikari.pool.HikariPool - HikariPool-1 - Added connection org.postgresql.jdbc.PgConnection@dae5e0
2026-01-04 11:13:47.259 INFO  [main] com.zaxxer.hikari.HikariDataSource - HikariPool-1 - Start completed.
2026-01-04 11:13:47.275 WARN  [main] org.hibernate.orm.deprecation - HHH90000025: PostgreSQLDialect does not need to be specified explicitly using 'hibernate.dialect' (remove the property setting and it will be selected by default)
2026-01-04 11:13:47.281 INFO  [main] org.hibernate.orm.connections.pooling - HHH10001005: Database info:
	Database JDBC URL [Connecting through datasource 'HikariDataSource (HikariPool-1)']
	Database driver: undefined/unknown
	Database version: 15.15
	Autocommit mode: undefined/unknown
	Isolation level: undefined/unknown
	Minimum pool size: undefined/unknown
	Maximum pool size: undefined/unknown
2026-01-04 11:13:47.600 INFO  [main] o.h.e.t.jta.platform.internal.JtaPlatformInitiator - HHH000489: No JTA platform available (set 'hibernate.transaction.jta.platform' to enable JTA platform integration)
2026-01-04 11:13:47.664 INFO  [main] o.s.orm.jpa.LocalContainerEntityManagerFactoryBean - Initialized JPA EntityManagerFactory for persistence unit 'default'
2026-01-04 11:13:47.897 WARN  [main] o.s.b.a.o.j.JpaBaseConfiguration$JpaWebConfiguration - spring.jpa.open-in-view is enabled by default. Therefore, database queries may be performed during view rendering. Explicitly configure spring.jpa.open-in-view to disable this warning
2026-01-04 11:13:48.053 INFO  [main] org.apache.coyote.http11.Http11NioProtocol - Starting ProtocolHandler ["http-nio-8080"]
2026-01-04 11:13:48.061 INFO  [main] o.s.boot.web.embedded.tomcat.TomcatWebServer - Tomcat started on port 8080 (http) with context path '/'
2026-01-04 11:13:48.064 INFO  [main] com.example.parkinglot.ParkinglotApplication - Started ParkinglotApplication in 1.811 seconds (process running for 1.957)
2026-01-04 11:13:58.412 INFO  [http-nio-8080-exec-2] o.a.c.core.ContainerBase.[Tomcat].[localhost].[/] - Initializing Spring DispatcherServlet 'dispatcherServlet'
2026-01-04 11:13:58.412 INFO  [http-nio-8080-exec-2] org.springframework.web.servlet.DispatcherServlet - Initializing Servlet 'dispatcherServlet'
2026-01-04 11:13:58.413 INFO  [http-nio-8080-exec-2] org.springframework.web.servlet.DispatcherServlet - Completed initialization in 1 ms
2026-01-04 11:13:58.431 INFO  [http-nio-8080-exec-2] com.example.parkinglot.common.aspect.WebLogAspect - ======================================================================================
2026-01-04 11:13:58.431 INFO  [http-nio-8080-exec-2] com.example.parkinglot.common.aspect.WebLogAspect - URL      : http://localhost:8080/api/ticket/entry/ABC-001
2026-01-04 11:13:58.431 INFO  [http-nio-8080-exec-2] com.example.parkinglot.common.aspect.WebLogAspect - Method   : POST
2026-01-04 11:13:58.431 INFO  [http-nio-8080-exec-2] com.example.parkinglot.common.aspect.WebLogAspect - IP       : 0:0:0:0:0:0:0:1
2026-01-04 11:13:58.431 INFO  [http-nio-8080-exec-2] com.example.parkinglot.common.aspect.WebLogAspect - Class    : com.example.parkinglot.controller.TicketController.createEntryTicket
2026-01-04 11:13:58.431 INFO  [http-nio-8080-exec-2] com.example.parkinglot.common.aspect.WebLogAspect - Args     : [ABC-001]
2026-01-04 11:13:58.434 INFO  [http-nio-8080-exec-2] c.e.parkinglot.service.impl.TicketServiceImpl - >> 准备处理车辆进场: ABC-001，开始检验: 
2026-01-04 11:13:58.495 INFO  [http-nio-8080-exec-2] c.e.parkinglot.service.impl.TicketServiceImpl - >>查找到空闲车位: A001
2026-01-04 11:13:58.499 INFO  [http-nio-8080-exec-2] c.e.parkinglot.service.impl.ParkingServiceImpl - >>更新车位A001状态为: OCCUPIED
2026-01-04 11:13:58.508 INFO  [http-nio-8080-exec-2] c.e.parkinglot.service.impl.TicketServiceImpl - >>新建票据，保存到数据库, 票据id: 14
2026-01-04 11:13:58.513 INFO  [http-nio-8080-exec-2] com.example.parkinglot.common.aspect.WebLogAspect - Response : ApiResponse(code=SUCCESS, message=操作成功, data=EntryDTO(vehiclePlate=ABC-001, slotNumber=A001, type=STANDARD, entryTime=2026-01-04T11:13:58.500984, ticketStatus=ACTIVE))
2026-01-04 11:13:58.514 INFO  [http-nio-8080-exec-2] com.example.parkinglot.common.aspect.WebLogAspect - ======================================================================================
2026-01-04 11:14:02.868 INFO  [http-nio-8080-exec-3] com.example.parkinglot.common.aspect.WebLogAspect - ======================================================================================
2026-01-04 11:14:02.868 INFO  [http-nio-8080-exec-3] com.example.parkinglot.common.aspect.WebLogAspect - URL      : http://localhost:8080/api/ticket/exit/ABC-001
2026-01-04 11:14:02.868 INFO  [http-nio-8080-exec-3] com.example.parkinglot.common.aspect.WebLogAspect - Method   : POST
2026-01-04 11:14:02.868 INFO  [http-nio-8080-exec-3] com.example.parkinglot.common.aspect.WebLogAspect - IP       : 0:0:0:0:0:0:0:1
2026-01-04 11:14:02.868 INFO  [http-nio-8080-exec-3] com.example.parkinglot.common.aspect.WebLogAspect - Class    : com.example.parkinglot.controller.TicketController.closeTicket
2026-01-04 11:14:02.868 INFO  [http-nio-8080-exec-3] com.example.parkinglot.common.aspect.WebLogAspect - Args     : [ABC-001]
2026-01-04 11:14:02.870 INFO  [http-nio-8080-exec-3] c.e.parkinglot.service.impl.TicketServiceImpl - >> 准备处理车辆出场: ABC-001，开始检验: 
2026-01-04 11:14:02.880 INFO  [http-nio-8080-exec-3] c.e.parkinglot.service.impl.TicketServiceImpl - >>查询到对应票据id: 14
2026-01-04 11:14:02.883 INFO  [http-nio-8080-exec-3] c.e.parkinglot.service.impl.ParkingServiceImpl - >>更新车位A001状态为: FREE
2026-01-04 11:14:02.885 INFO  [http-nio-8080-exec-3] c.e.parkinglot.service.impl.TicketServiceImpl - >>更新票据数据，填写金额，保存到数据库, 票据id: 14
2026-01-04 11:14:02.889 INFO  [http-nio-8080-exec-3] com.example.parkinglot.common.aspect.WebLogAspect - Response : ApiResponse(code=SUCCESS, message=操作成功, data=ExitDTO(vehiclePlate=ABC-001, slotNumber=A001, type=STANDARD, entryTime=2026-01-04T11:13:58.500984, exitTime=2026-01-04T11:14:02.884581, ticketStatus=PAID, totalAmount=16.00))
2026-01-04 11:14:02.889 INFO  [http-nio-8080-exec-3] com.example.parkinglot.common.aspect.WebLogAspect - ======================================================================================
2026-01-04 11:14:07.635 INFO  [http-nio-8080-exec-4] com.example.parkinglot.common.aspect.WebLogAspect - ======================================================================================
2026-01-04 11:14:07.636 INFO  [http-nio-8080-exec-4] com.example.parkinglot.common.aspect.WebLogAspect - URL      : http://localhost:8080/api/ticket/exit/ABC-001
2026-01-04 11:14:07.636 INFO  [http-nio-8080-exec-4] com.example.parkinglot.common.aspect.WebLogAspect - Method   : POST
2026-01-04 11:14:07.636 INFO  [http-nio-8080-exec-4] com.example.parkinglot.common.aspect.WebLogAspect - IP       : 0:0:0:0:0:0:0:1
2026-01-04 11:14:07.636 INFO  [http-nio-8080-exec-4] com.example.parkinglot.common.aspect.WebLogAspect - Class    : com.example.parkinglot.controller.TicketController.closeTicket
2026-01-04 11:14:07.636 INFO  [http-nio-8080-exec-4] com.example.parkinglot.common.aspect.WebLogAspect - Args     : [ABC-001]
2026-01-04 11:14:07.637 INFO  [http-nio-8080-exec-4] c.e.parkinglot.service.impl.TicketServiceImpl - >> 准备处理车辆出场: ABC-001，开始检验: 
2026-01-04 11:14:07.644 ERROR [http-nio-8080-exec-4] com.example.parkinglot.common.aspect.WebLogAspect - Exception: BusinessException - 出场失败: 车辆 ABC-001 不在停车场中!
2026-01-04 11:14:07.646 INFO  [http-nio-8080-exec-4] com.example.parkinglot.common.aspect.WebLogAspect - ======================================================================================
2026-01-04 11:35:39.912 WARN  [HikariPool-1 housekeeper] com.zaxxer.hikari.pool.HikariPool - HikariPool-1 - Thread starvation or clock leap detected (housekeeper delta=1m52s323ms).
2026-01-04 11:46:27.128 WARN  [HikariPool-1 housekeeper] com.zaxxer.hikari.pool.HikariPool - HikariPool-1 - Thread starvation or clock leap detected (housekeeper delta=10m17s209ms).
2026-01-04 12:03:52.418 WARN  [HikariPool-1 housekeeper] com.zaxxer.hikari.pool.HikariPool - HikariPool-1 - Thread starvation or clock leap detected (housekeeper delta=17m25s290ms).
2026-01-04 12:17:46.119 WARN  [HikariPool-1 housekeeper] com.zaxxer.hikari.pool.HikariPool - HikariPool-1 - Thread starvation or clock leap detected (housekeeper delta=13m23s690ms).
2026-01-04 12:32:15.709 WARN  [HikariPool-1 housekeeper] com.zaxxer.hikari.pool.HikariPool - HikariPool-1 - Thread starvation or clock leap detected (housekeeper delta=13m59s585ms).
2026-01-04 13:00:21.608 WARN  [HikariPool-1 housekeeper] com.zaxxer.hikari.pool.HikariPool - HikariPool-1 - Thread starvation or clock leap detected (housekeeper delta=16m5s795ms).
2026-01-04 13:17:59.157 WARN  [HikariPool-1 housekeeper] com.zaxxer.hikari.pool.HikariPool - HikariPool-1 - Thread starvation or clock leap detected (housekeeper delta=10m37s431ms).
2026-01-04 13:22:24.569 WARN  [HikariPool-1 housekeeper] com.zaxxer.hikari.pool.HikariPool - HikariPool-1 - Thread starvation or clock leap detected (housekeeper delta=2m55s387ms).
2026-01-04 16:02:48.217 WARN  [HikariPool-1 housekeeper] com.zaxxer.hikari.pool.HikariPool - HikariPool-1 - Thread starvation or clock leap detected (housekeeper delta=52s409ms).
2026-01-04 16:13:58.843 WARN  [HikariPool-1 housekeeper] com.zaxxer.hikari.pool.HikariPool - HikariPool-1 - Thread starvation or clock leap detected (housekeeper delta=2m10s542ms).
2026-01-04 16:44:29.622 INFO  [SpringApplicationShutdownHook] o.s.boot.web.embedded.tomcat.GracefulShutdown - Commencing graceful shutdown. Waiting for active requests to complete
2026-01-04 16:44:29.626 INFO  [tomcat-shutdown] o.s.boot.web.embedded.tomcat.GracefulShutdown - Graceful shutdown complete
2026-01-04 16:44:29.629 INFO  [SpringApplicationShutdownHook] o.s.orm.jpa.LocalContainerEntityManagerFactoryBean - Closing JPA EntityManagerFactory for persistence unit 'default'
2026-01-04 16:44:29.632 INFO  [SpringApplicationShutdownHook] com.zaxxer.hikari.HikariDataSource - HikariPool-1 - Shutdown initiated...
2026-01-04 16:44:29.633 INFO  [SpringApplicationShutdownHook] com.zaxxer.hikari.HikariDataSource - HikariPool-1 - Shutdown completed.
